FILE: C:\Users\janak\Downloads\_Projects\SK degree college\app\about\page.tsx
  LINE 235:114 - `"` can be escaped with `&quot;`, `&ldquo;`, `&#34;`, `&rdquo;`. (react/no-unescaped-entities)
FILE: C:\Users\janak\Downloads\_Projects\SK degree college\app\admin\admissions\page.tsx
  LINE 53:19 - Unexpected any. Specify a different type. (@typescript-eslint/no-explicit-any)
  LINE 74:19 - Unexpected any. Specify a different type. (@typescript-eslint/no-explicit-any)
  LINE 113:19 - Unexpected any. Specify a different type. (@typescript-eslint/no-explicit-any)
FILE: C:\Users\janak\Downloads\_Projects\SK degree college\app\admin\gallery\page.tsx
  LINE 59:5 - Error: Calling setState synchronously within an effect can trigger cascading renders

Effects are intended to synchronize state between React and external systems such as manually updating the DOM, state management libraries, or other platform APIs. In general, the body of an effect should do one or both of the following:
* Update external systems with the latest state from React.
* Subscribe for updates from some external system, calling setState in a callback function when external state changes.

Calling setState synchronously within an effect body causes cascading renders that can hurt performance, and is not recommended. (https://react.dev/learn/you-might-not-need-an-effect).

C:\Users\janak\Downloads\_Projects\SK degree college\app\admin\gallery\page.tsx:59:5
  57 |
  58 |   useEffect(() => {
> 59 |     fetchImages();
     |     ^^^^^^^^^^^ Avoid calling setState() directly within an effect
  60 |   }, [fetchImages]);
  61 |  
  62 |   const handleFilesSelected = (e: React.ChangeEvent<HTMLInputElement>) => { (react-hooks/set-state-in-effect)
  LINE 131:23 - Unexpected any. Specify a different type. (@typescript-eslint/no-explicit-any)
  LINE 158:21 - Unexpected any. Specify a different type. (@typescript-eslint/no-explicit-any)
FILE: C:\Users\janak\Downloads\_Projects\SK degree college\app\admin\nirf\page.tsx
  LINE 56:7 - Error: Calling setState synchronously within an effect can trigger cascading renders

Effects are intended to synchronize state between React and external systems such as manually updating the DOM, state management libraries, or other platform APIs. In general, the body of an effect should do one or both of the following:
* Update external systems with the latest state from React.
* Subscribe for updates from some external system, calling setState in a callback function when external state changes.

Calling setState synchronously within an effect body causes cascading renders that can hurt performance, and is not recommended. (https://react.dev/learn/you-might-not-need-an-effect).

C:\Users\janak\Downloads\_Projects\SK degree college\app\admin\nirf\page.tsx:56:7
  54 |     let isMounted = true;
  55 |     if (isMounted) {
> 56 |       fetchDocuments();
     |       ^^^^^^^^^^^^^^ Avoid calling setState() directly within an effect
  57 |     }
  58 |     return () => { isMounted = false; };
  59 |   }, [fetchDocuments]); (react-hooks/set-state-in-effect)
FILE: C:\Users\janak\Downloads\_Projects\SK degree college\app\admin\notices\page.tsx
  LINE 78:7 - Error: Calling setState synchronously within an effect can trigger cascading renders

Effects are intended to synchronize state between React and external systems such as manually updating the DOM, state management libraries, or other platform APIs. In general, the body of an effect should do one or both of the following:
* Update external systems with the latest state from React.
* Subscribe for updates from some external system, calling setState in a callback function when external state changes.

Calling setState synchronously within an effect body causes cascading renders that can hurt performance, and is not recommended. (https://react.dev/learn/you-might-not-need-an-effect).

C:\Users\janak\Downloads\_Projects\SK degree college\app\admin\notices\page.tsx:78:7
  76 |     let isMounted = true;
  77 |     if (isMounted) {
> 78 |       fetchNotices();
     |       ^^^^^^^^^^^^ Avoid calling setState() directly within an effect
  79 |     }
  80 |     return () => { isMounted = false; };
  81 |   }, [fetchNotices]); (react-hooks/set-state-in-effect)
